// Jest Snapshot v1, https://goo.gl/fbAQLP

exports[`Footer should run without crashing 1`] = `
<div>
  <div
    class="MuiPaper-root MuiPaper-elevation MuiPaper-rounded MuiPaper-elevation3 sc-FEMpB JEzsL css-1gtchvp-MuiPaper-root"
    style="--Paper-shadow: 0px 3px 3px -2px rgba(0,0,0,0.2),0px 3px 4px 0px rgba(0,0,0,0.14),0px 1px 8px 0px rgba(0,0,0,0.12);"
  >
    <p
      class="MuiTypography-root MuiTypography-body2 css-1a1whku-MuiTypography-root"
    >
      Â© 2024 Dashboard App. All rights reserved.
    </p>
  </div>
</div>
`;
